Microsoft Windows [Version 6.3.9600]
(c) 2013 Microsoft Corporation. All rights reserved.

F:\git>git init .
Initialized empty Git repository in F:/git/.git/

F:\git>git status
On branch master

No commits yet

nothing to commit (create/copy files and use "git add" to track)

F:\git>git status
On branch master

No commits yet

Untracked files:
  (use "git add <file>..." to include in what will be committed)
        h1.html

nothing added to commit but untracked files present (use "git add" to track)

F:\git>git add .

F:\git>git status
On branch master

No commits yet

Changes to be committed:
  (use "git rm --cached <file>..." to unstage)
        new file:   h1.html


F:\git>git commit -m "added h1 html"
[master (root-commit) 7601e50] added h1 html
 1 file changed, 13 insertions(+)
 create mode 100644 h1.html

F:\git>git remote add origin master "https://github.com/Adityamane0320/rj0203.gi
t"
usage: git remote add [<options>] <name> <url>

    -f, --[no-]fetch      fetch the remote branches
    --[no-]tags           import all tags and associated objects when fetching
                          or do not fetch any tag at all (--no-tags)
    -t, --[no-]track <branch>
                          branch(es) to track
    -m, --[no-]master <branch>
                          master branch
    --[no-]mirror[=(push|fetch)]
                          set up remote as a mirror to push to or fetch from


F:\git>git remote add origin  "https://github.com/Adityamane0320/rj0203.git"

F:\git>git remote -v
origin  https://github.com/Adityamane0320/rj0203.git (fetch)
origin  https://github.com/Adityamane0320/rj0203.git (push)

F:\git>git config --global user.name "Adityamane0320"

F:\git>git config --global user.email "adityamane0320@gmail.com"

F:\git>git push -u origin master
Username for 'https://github.com': Adityamane0320
Password for 'https://Adityamane0320@github.com':
remote: Support for password authentication was removed on August 13, 2021.
remote: Please see https://docs.github.com/get-started/getting-started-with-git/
about-remote-repositories#cloning-with-https-urls for information on currently r
ecommended modes of authentication.
fatal: Authentication failed for 'https://github.com/Adityamane0320/rj0203.git/'


F:\git>solve is token
'solve' is not recognized as an internal or external command,
operable program or batch file.

F:\git>git push -u origin master
Username for 'https://github.com': Adityamane0320
Password for 'https://Adityamane0320@github.com':
Enumerating objects: 3, done.
Counting objects: 100% (3/3), done.
Delta compression using up to 2 threads
Compressing objects: 100% (2/2), done.
Writing objects: 100% (3/3), 309 bytes | 77.00 KiB/s, done.
Total 3 (delta 0), reused 0 (delta 0), pack-reused 0 (from 0)
To https://github.com/Adityamane0320/rj0203.git
 * [new branch]      master -> master
branch 'master' set up to track 'origin/master'.

F:\git>git branch
* master

F:\git>git checkout -b "DevOps1"
Switched to a new branch 'DevOps1'

F:\git>git branch
* DevOps1
  master

F:\git>git diff DevOps1 master

F:\git>git status
On branch DevOps1
nothing to commit, working tree clean

F:\git>git status
On branch DevOps1
Untracked files:
  (use "git add <file>..." to include in what will be committed)
        New Text Document.txt

nothing added to commit but untracked files present (use "git add" to track)

F:\git>git checkout master
Switched to branch 'master'
Your branch is up to date with 'origin/master'.

F:\git>git status
On branch master
Your branch is up to date with 'origin/master'.

Untracked files:
  (use "git add <file>..." to include in what will be committed)
        New Text Document.txt

nothing added to commit but untracked files present (use "git add" to track)

F:\git>git checkout DevOps1
Switched to branch 'DevOps1'

F:\git>git status
On branch DevOps1
Changes not staged for commit:
  (use "git add <file>..." to update what will be committed)
  (use "git restore <file>..." to discard changes in working directory)
        modified:   h1.html

Untracked files:
  (use "git add <file>..." to include in what will be committed)
        New Text Document.txt

no changes added to commit (use "git add" and/or "git commit -a")

F:\git>git diff DevOps1 master

F:\git>git add .

F:\git>git status
On branch DevOps1
Changes to be committed:
  (use "git restore --staged <file>..." to unstage)
        new file:   New Text Document.txt
        modified:   h1.html


F:\git>git commit -m "added a text file and new details"
[DevOps1 ad2f217] added a text file and new details
 2 files changed, 5 insertions(+)
 create mode 100644 New Text Document.txt

F:\git>git push -u origin DevOps1
Username for 'https://github.com': Adityamane0320
Password for 'https://Adityamane0320@github.com':
remote: Support for password authentication was removed on August 13, 2021.
remote: Please see https://docs.github.com/get-started/getting-started-with-git/
about-remote-repositories#cloning-with-https-urls for information on currently r
ecommended modes of authentication.
fatal: Authentication failed for 'https://github.com/Adityamane0320/rj0203.git/'


F:\git>git push -u origin DevOps1
Username for 'https://github.com': Adityamane0320
Password for 'https://Adityamane0320@github.com':
Enumerating objects: 6, done.
Counting objects: 100% (6/6), done.
Delta compression using up to 2 threads
Compressing objects: 100% (3/3), done.
Writing objects: 100% (4/4), 470 bytes | 31.00 KiB/s, done.
Total 4 (delta 0), reused 0 (delta 0), pack-reused 0 (from 0)
remote:
remote: Create a pull request for 'DevOps1' on GitHub by visiting:
remote:      https://github.com/Adityamane0320/rj0203/pull/new/DevOps1
remote:
To https://github.com/Adityamane0320/rj0203.git
 * [new branch]      DevOps1 -> DevOps1
branch 'DevOps1' set up to track 'origin/DevOps1'.

F:\git>git diff DevOps1 master
diff --git a/New Text Document.txt b/New Text Document.txt
deleted file mode 100644
index 4e6284f..0000000
--- a/New Text Document.txt
+++ /dev/null
@@ -1 +0,0 @@
-Welcome to fight club
\ No newline at end of file
diff --git a/h1.html b/h1.html
index 45dceea..5e4d884 100644
--- a/h1.html
+++ b/h1.html
@@ -7,10 +7,6 @@
 <h1>Lists</h1>
 <ol>
        <li>Game of Thrones</li>
-       <li>Peaky Blinders</li>
-       <li>Breaking Bad</li>
-       <li>Suits</li>
-       <li>Fight CLub</li>
 </ol>
 </body>
 </html>

F:\git>git checkout master
Switched to branch 'master'
Your branch is up to date with 'origin/master'.

F:\git>git merge DevOps1
Updating 7601e50..ad2f217
Fast-forward
 New Text Document.txt | 1 +
 h1.html               | 4 ++++
 2 files changed, 5 insertions(+)
 create mode 100644 New Text Document.txt

F:\git>git clone "https://github.com/Adityamane0320/rj0203.git"
Cloning into 'rj0203'...
Username for 'https://github.com': Adityamane0320
Password for 'https://Adityamane0320@github.com':
remote: Enumerating objects: 8, done.
remote: Counting objects: 100% (8/8), done.
remote: Compressing objects: 100% (6/6), done.
remote: Total 8 (delta 1), reused 6 (delta 0), pack-reused 0 (from 0)
Receiving objects: 100% (8/8), done.
Resolving deltas: 100% (1/1), done.

F:\git>git pull origin master
Username for 'https://github.com': Adityamane0320
Password for 'https://Adityamane0320@github.com':
remote: Enumerating objects: 1, done.
remote: Counting objects: 100% (1/1), done.
remote: Total 1 (delta 0), reused 0 (delta 0), pack-reused 0 (from 0)
Unpacking objects: 100% (1/1), 909 bytes | 15.00 KiB/s, done.
From https://github.com/Adityamane0320/rj0203
 * branch            master     -> FETCH_HEAD
   7601e50..abeb9a4  master     -> origin/master
Updating ad2f217..abeb9a4
Fast-forward

F:\git>git log
commit abeb9a47e5f3b77486b6e2989723b64db5b06e66 (HEAD -> master, origin/master)
Merge: 7601e50 ad2f217
Author: Adityamane0320 <166288860+Adityamane0320@users.noreply.github.com>
Date:   Fri Nov 15 13:44:10 2024 +0530

    Merge pull request #1 from Adityamane0320/DevOps1

    added a text file and new details

commit ad2f21755ea8e1b64f0c0cb3ea827242ce866ebc (origin/DevOps1, DevOps1)
Author: Adityamane0320 <adityamane0320@gmail.com>
Date:   Fri Nov 15 13:40:03 2024 +0530

    added a text file and new details

commit 7601e50a560ebe141d38450fa701c6bf3471bfbf
Author: Adityamane0320 <adityamane0320@gmail.com>
Date:   Fri Nov 15 13:25:28 2024 +0530

    added h1 html

F:\git>